// Jest Snapshot v1, https://goo.gl/fbAQLP

exports[`Rendering - Sidebar Should render without crashing 1`] = `
<div
  className="sidebar"
>
  <ul />
</div>
`;

exports[`Rendering - Sidebar Sould render with props correctly 1`] = `
<div
  className="sidebar"
>
  <ul>
    <li
      className=""
      key="0"
    >
      <Link
        to="/champs"
      >
        Champs
      </Link>
    </li>
  </ul>
</div>
`;
